> Task :compileJava UP-TO-DATE
> Task :processResources UP-TO-DATE
> Task :classes UP-TO-DATE
> Task :compileTestJava
> Task :processTestResources NO-SOURCE
> Task :testClasses
./gradlew : OpenJDK 64-Bit Server VM warning: Sharing is only supported for boot loader classes because bootstrap class
path has been appended
発生場所 行:1 文字:1
+ ./gradlew test --tests com.example.cbs_mvp.pricing.PricingCalculatorT ...
+ ~~~~~~~~~~~~~~~~~~~~~~~~~~~~~~~~~~~~~~~~~~~~~~~~~~~~~~~~~~~~~~~~~~~~~
    + CategoryInfo          : NotSpecified: (OpenJDK 64-Bit ...s been appended:String) [], RemoteException
    + FullyQualifiedErrorId : NativeCommandError
 

> Task :test

PricingCalculatorTest > testRuleApplication_HighPrice() FAILED
    org.opentest4j.AssertionFailedError at PricingCalculatorTest.java:162

3 tests completed, 1 failed

> Task :test FAILED

FAILURE: Build failed with an exception.

* What went wrong:
Execution failed for task ':test'.
> There were failing tests. See the report at: file:///C:/Users/valo1/cbs-mvp/build/reports/tests/test/index.html

* Try:
> Run with --scan to generate a Build Scan (powered by Develocity).

BUILD FAILED in 3s
4 actionable tasks: 2 executed, 2 up-to-date
